
> temp-app@0.1.0 build
> next build

▲ Next.js 16.2.1 (Turbopack)
- Environments: .env.local

⚠ The "middleware" file convention is deprecated. Please use "proxy" instead. Learn more: https://nextjs.org/docs/messages/middleware-to-proxy
  Creating an optimized production build ...
✓ Compiled successfully in 5.6s
  Skipping validation of types
  Finished TypeScript config validation in 8ms ...
  Collecting page data using 15 workers ...
  Generating static pages using 15 workers (0/27) ...
  Generating static pages using 15 workers (6/27) 
  Generating static pages using 15 workers (13/27) 
  Generating static pages using 15 workers (20/27) 
✓ Generating static pages using 15 workers (27/27) in 279ms
  Finalizing page optimization ...

Route (app)
┌ ○ /
├ ○ /_not-found
├ ƒ /admin
├ ƒ /admin/offices
├ ƒ /admin/payments
├ ƒ /admin/requests
├ ƒ /admin/settings
├ ƒ /admin/subscriptions
├ ƒ /admin/users
├ ƒ /dashboard
├ ƒ /dashboard/cases
├ ƒ /dashboard/clients
├ ƒ /dashboard/logs
├ ƒ /dashboard/notifications
├ ƒ /dashboard/profile
├ ƒ /dashboard/sessions
├ ƒ /dashboard/settings
├ ƒ /dashboard/subscription
├ ƒ /dashboard/tasks
├ ƒ /dashboard/team
├ ○ /forgot-password
├ ○ /icon.svg
├ ○ /login
├ ○ /register
└ ƒ /setup


ƒ Proxy (Middleware)

○  (Static)   prerendered as static content
ƒ  (Dynamic)  server-rendered on demand

